// Jest Snapshot v1, https://goo.gl/fbAQLP

exports[`NumberOfBetsContainer render should display correct 1`] = `"<InputControlView label=\\"Number of Bets\\" onChange={[Function]} />"`;
