// Jest Snapshot v1, https://goo.gl/fbAQLP

exports[`ProbablyFairHashView render should display correct 1`] = `
"<FormGroup tag=\\"div\\">
  Provably Fair Hash: 
  <b>
    c0c7c76d30bd3dcaefc96f40275bdc0a
  </b>
</FormGroup>"
`;
