// Jest Snapshot v1, https://goo.gl/fbAQLP

exports[`BetNumberContainer render should display correct 1`] = `"<InputControlView label=\\"Number\\" onChange={[Function]} />"`;
