// Jest Snapshot v1, https://goo.gl/fbAQLP

exports[`ButtonsPanelView render should display correct 1`] = `
"<FormGroup row={true} tag=\\"div\\">
  <Connect(BetButtonControlContainer) betType=\\"high\\" />
  <Connect(BetButtonControlContainer) betType=\\"low\\" />
</FormGroup>"
`;
