// Jest Snapshot v1, https://goo.gl/fbAQLP

exports[`BetAmountContainer render should display correct 1`] = `"<InputControlView label=\\"Bet Amount\\" onChange={[Function]} />"`;
